[["Nume","Punctaj Exam"],["Olivia Noah","2.93"],["Riley Jackson","3.95"],["Emma Aiden","2.55"],["Aria Lucas","3.0700002"],["Aaliyah Oliver","2.7"],["Amelia Caden","3.42"],["Layla Muhammad","3.3200002"],["Zoe Mason","1.9300001"],["Camilla Carter","2.67"],["Charlotte Jayden","4.27"],["Mila Sebastian","3.7"],["Luna Michael","2.03"],["Avery Benjamin","2.8"],["Evelyn Logan","3.7"],["Lily Luca","2.3200002"],["Ella Alexander","4.4"],["Gianna Levi","3.8200002"],["Adalyn Josiah","3.3"],["Charlie Henry","2.9"],["Ellie Julian","2.18"],["Scarlett Jacob","3.68"],["Maya Asher","3.53"],["Abigail Wyatt","4.5"],["Madison William","3.17"],["Aubrey Owen","2.17"],["Emily Gabriel","4.4700003"],["Kinsley Miles","0.13"],["Elena Lincoln","4.07"],["Paisley Ezra","3.5700002"],["Madelyn Isaiah","2.65"],["Aurora Luke","3.2"],["Peyton Cameron","3.67"],["Emilia Isaac","1.6700001"],["Hannah Carson","3.28"],["Penelope Maverick","3.93"],["Lila Matthew","3.93"],["Emery David","3.95"],["Callie Adam","3.85"],["Hazel Nicholas","3.67"],["Hailey Elias","3.93"],["Violet Kai","3.73"],["Elizabeth Nathan","2.55"],["Grace Eli","3.0700002"],["Anna Hudson","3.28"],["Mackenzie John","3.3"],["Kaylee Zane","3.68"],["Victoria Connor","2.8"],["Natalie Ezekiel","4.5299997"],["Raelynn Anthony","5.0"],["Addison Joseph","2.63"],["Stella Thomas","3.5700002"],["Naomi Aaron","0.67"],["Lelani Christian","2.4"],["Isabelle Xavier","2.92"],["Bella Nolan","3.17"],["Liliana Easton","3.05"],["Kennedy Joshua","3.17"],["Gabriella Dominic","4.07"],["Willow Roman","3.8"],["Lucy Dylan","3.03"],["Savannah Amir","2.67"],["Lillian Christopher","2.17"],["Sophie Theodore","3.95"],["Delilah Andrew","1.78"],["London Damian","4.2200003"],["Alaina Zion","3.8200002"],["Adeline Theo","1.6700001"],["Audrey Cooper","4.08"],["Anaya Malachi","4.08"],["Maria Axel","2.28"],["Eva Santiago","3.47"],["Jasmine Elliot","3.8200002"],["Cora Brayden","3.18"],["Claire Evan","2.67"],["Allison Max","0.27"],["Liam Sophia","4.07"],["Noah Olivia","4.33"],["Jackson Riley","3.67"],["Aiden Emma","1.8"],["Grayson Isabella","1.6700001"],["Oliver Aaliyah","1.9300001"],["Caden Amelia","4.6"],["Mateo Mia","2.93"],["Muhammad Layla","3.68"],["Mason Zoe","3.8200002"],["Ethan Eliana","2.95"],["Sebastian Mila","3.53"],["James Everly","0.67"],["Michael Luna","4.73"],["Benjamin Avery","3.18"],["Logan Evelyn","3.93"],["Luca Lily","5.0"],["Alexander Ella","3.5700002"],["Levi Gianna","2.9"],["Daniel Chloe","2.78"],["Julian Ellie","3.7"],["Jack Leah","3.7"],["Ryan Nora","3.5"],["Jacob Scarlett","0.53"],["Asher Maya","1.9200001"],["William Madison","2.67"],["Owen Aubrey","4.0"],["Gabriel Emily","3.3"],["Ezra Paisley","3.17"],["Isaiah Madelyn","2.18"],["Luke Aurora","3.68"],["Cameron Peyton","2.68"],["Caleb Nova","2.8"],["Isaac Emilia","1.6700001"],["Samuel Sarah","4.2"],["Colton Ariana","3.43"],["Matthew Lila","0.9"],["Ian Brooklyn","2.8"],["David Emery","5.0"],["Adam Callie","3.55"],["Nicholas Hazel","3.5700002"],["Elias Hailey","3.67"],["Adrian Eleanor","2.92"],["Kai Violet","3.05"],["Eli Grace","3.95"],["Hudson Anna","2.93"],["Zane Kaylee","3.2"],["Connor Victoria","2.93"],["Anthony Raelynn","2.92"],["Joseph Addison","2.68"],["Landon Skyler","2.93"],["Thomas Stella","0.8"],["Aaron Naomi","4.2200003"],["Christian Lelani","1.6700001"],["Xavier Isabelle","3.68"],["Easton Liliana","3.63"],["Joshua Kennedy","3.17"]]